-- Listar partições formatas e não formatas
dfisk -l

-- Selecionar a partição que deseja formatar
fdisk /dev/sdb

-- Exemplo, por ultimo enter duas vezes e w(write) para escrever
[root@Oracle /]# fdisk /dev/sdb
Welcome to fdisk (util-linux 2.23.2).

Changes will remain in memory only, until you decide to write them.
Be careful before using the write command.


Comando (m para ajuda): n
Partition type:
   p   primary (0 primary, 0 extended, 4 free)
   e   extended
Select (default p): p
Número da partição (1-4, default 1): 1
Primeiro sector (2048-83886079, default 2048): 
Using default value 2048
Last sector, +sectors or +size{K,M,G} (2048-83886079, default 83886079): 
Using default value 83886079
Partition 1 of type Linux and of size 40 GiB is set

Comando (m para ajuda): w
A tabela de partições foi alterada!

Chamando ioctl() para reler tabela de partições.
Sincronizando discos.

-- Listar discos formatados
root@Oracle ~]# lsblk
NAME   MAJ:MIN RM  SIZE RO TYPE MOUNTPOINT
sdb      8:16   0   40G  0 disk 
└─sdb1   8:17   0   40G  0 part 

-- Criando partiçaõ onde a midia formatada será montada
mkdir /u01

-- Formatando em ext4
[root@Oracle /]# mkfs.ext4 /dev/sdb1
mke2fs 1.42.9 (28-Dec-2013)
Filesystem label=
OS type: Linux
Block size=4096 (log=2)
Fragment size=4096 (log=2)
Stride=0 blocks, Stripe width=0 blocks
2621440 inodes, 10485504 blocks
524275 blocks (5.00%) reserved for the super user
First data block=0
Maximum filesystem blocks=2157969408
320 block groups
32768 blocks per group, 32768 fragments per group
8192 inodes per group
Superblock backups stored on blocks: 
        32768, 98304, 163840, 229376, 294912, 819200, 884736, 1605632, 2654208, 
        4096000, 7962624

Allocating group tables: done                            
Writing inode tables: done                            
Creating journal (32768 blocks): done
Writing superblocks and filesystem accounting information: done   

-- Montando
mount -t ext4 /dev/sdb1 /u01

-- Adicionando o arquivo no /etc/fstab para montar junto com o boot do sistema
echo "/dev/sdb1                                 /u01                    ext4    defaults        0 0 " >> /etc/fstab
